// Jest Snapshot v1, https://goo.gl/fbAQLP

exports[`parses local directory 1`] = `[Function]`;
